// Jest Snapshot v1, https://goo.gl/fbAQLP

exports[`organisms/headers/BodyHeader render Default 1`] = `
{
  "asFragment": [Function],
  "baseElement": <body>
    <div>
      <header
        class="sc-hLBbgP sc-eDvSVe hAqkyL huMJkR"
      >
        <div
          class="sc-jSUZER hNxqwn"
        >
          <a
            class="sc-bcXHqe ctdOEe"
            href="/"
            kind="text"
            role="button"
          >
            MainPage
          </a>
          <a
            class="sc-bcXHqe ctdOEe"
            href="/example"
            kind="text"
            role="button"
          >
            ExamplePage
          </a>
        </div>
      </header>
      <div
        class="sc-hLBbgP hAqkyL"
      />
    </div>
  </body>,
  "container": <div>
    <header
      class="sc-hLBbgP sc-eDvSVe hAqkyL huMJkR"
    >
      <div
        class="sc-jSUZER hNxqwn"
      >
        <a
          class="sc-bcXHqe ctdOEe"
          href="/"
          kind="text"
          role="button"
        >
          MainPage
        </a>
        <a
          class="sc-bcXHqe ctdOEe"
          href="/example"
          kind="text"
          role="button"
        >
          ExamplePage
        </a>
      </div>
    </header>
    <div
      class="sc-hLBbgP hAqkyL"
    />
  </div>,
  "debug": [Function],
  "findAllByAltText": [Function],
  "findAllByDisplayValue": [Function],
  "findAllByLabelText": [Function],
  "findAllByPlaceholderText": [Function],
  "findAllByRole": [Function],
  "findAllByTestId": [Function],
  "findAllByText": [Function],
  "findAllByTitle": [Function],
  "findByAltText": [Function],
  "findByDisplayValue": [Function],
  "findByLabelText": [Function],
  "findByPlaceholderText": [Function],
  "findByRole": [Function],
  "findByTestId": [Function],
  "findByText": [Function],
  "findByTitle": [Function],
  "getAllByAltText": [Function],
  "getAllByDisplayValue": [Function],
  "getAllByLabelText": [Function],
  "getAllByPlaceholderText": [Function],
  "getAllByRole": [Function],
  "getAllByTestId": [Function],
  "getAllByText": [Function],
  "getAllByTitle": [Function],
  "getByAltText": [Function],
  "getByDisplayValue": [Function],
  "getByLabelText": [Function],
  "getByPlaceholderText": [Function],
  "getByRole": [Function],
  "getByTestId": [Function],
  "getByText": [Function],
  "getByTitle": [Function],
  "queryAllByAltText": [Function],
  "queryAllByDisplayValue": [Function],
  "queryAllByLabelText": [Function],
  "queryAllByPlaceholderText": [Function],
  "queryAllByRole": [Function],
  "queryAllByTestId": [Function],
  "queryAllByText": [Function],
  "queryAllByTitle": [Function],
  "queryByAltText": [Function],
  "queryByDisplayValue": [Function],
  "queryByLabelText": [Function],
  "queryByPlaceholderText": [Function],
  "queryByRole": [Function],
  "queryByTestId": [Function],
  "queryByText": [Function],
  "queryByTitle": [Function],
  "rerender": [Function],
  "unmount": [Function],
}
`;
